// Jest Snapshot v1, https://goo.gl/fbAQLP

exports[`yaml parser parse diverse 1`] = `
Object {
  "ast": Object {
    "endPosition": 503,
    "errors": Array [],
    "kind": 2,
    "mappings": Array [
      Object {
        "endPosition": 205,
        "errors": Array [],
        "key": Object {
          "doubleQuoted": false,
          "endPosition": 155,
          "errors": Array [],
          "kind": 0,
          "parent": [Circular],
          "plainScalar": true,
          "rawValue": "json",
          "startPosition": 151,
          "value": "json",
        },
        "kind": 1,
        "parent": [Circular],
        "startPosition": 151,
        "value": Object {
          "endPosition": 205,
          "errors": Array [],
          "items": Array [
            Object {
              "doubleQuoted": false,
              "endPosition": 168,
              "errors": Array [],
              "kind": 0,
              "parent": [Circular],
              "plainScalar": true,
              "rawValue": "rigid",
              "startPosition": 163,
              "value": "rigid",
            },
            Object {
              "doubleQuoted": false,
              "endPosition": 202,
              "errors": Array [],
              "kind": 0,
              "parent": [Circular],
              "plainScalar": true,
              "rawValue": "better for data interchange",
              "startPosition": 175,
              "value": "better for data interchange",
            },
          ],
          "kind": 3,
          "parent": [Circular],
          "startPosition": 161,
        },
      },
      Object {
        "endPosition": 258,
        "errors": Array [],
        "key": Object {
          "doubleQuoted": false,
          "endPosition": 209,
          "errors": Array [],
          "kind": 0,
          "parent": [Circular],
          "plainScalar": true,
          "rawValue": "yaml",
          "startPosition": 205,
          "value": "yaml",
        },
        "kind": 1,
        "parent": [Circular],
        "startPosition": 205,
        "value": Object {
          "endPosition": 258,
          "errors": Array [],
          "items": Array [
            Object {
              "doubleQuoted": false,
              "endPosition": 234,
              "errors": Array [],
              "kind": 0,
              "parent": [Circular],
              "plainScalar": true,
              "rawValue": "slim and flexible",
              "startPosition": 217,
              "value": "slim and flexible",
            },
            Object {
              "doubleQuoted": false,
              "endPosition": 244,
              "errors": Array [],
              "kind": 0,
              "parent": [Circular],
              "plainScalar": true,
              "rawValue": "123",
              "startPosition": 241,
              "value": "123",
              "valueObject": 123,
            },
            Object {
              "doubleQuoted": false,
              "endPosition": 255,
              "errors": Array [],
              "kind": 0,
              "parent": [Circular],
              "plainScalar": true,
              "rawValue": "true",
              "startPosition": 251,
              "value": "true",
              "valueObject": true,
            },
          ],
          "kind": 3,
          "parent": [Circular],
          "startPosition": 215,
        },
      },
      Object {
        "endPosition": 355,
        "errors": Array [],
        "key": Object {
          "doubleQuoted": false,
          "endPosition": 264,
          "errors": Array [],
          "kind": 0,
          "parent": [Circular],
          "plainScalar": true,
          "rawValue": "object",
          "startPosition": 258,
          "value": "object",
        },
        "kind": 1,
        "parent": [Circular],
        "startPosition": 258,
        "value": Object {
          "endPosition": 355,
          "errors": Array [],
          "kind": 2,
          "mappings": Array [
            Object {
              "endPosition": 280,
              "errors": Array [],
              "key": Object {
                "doubleQuoted": false,
                "endPosition": 273,
                "errors": Array [],
                "kind": 0,
                "parent": [Circular],
                "plainScalar": true,
                "rawValue": "key",
                "startPosition": 270,
                "value": "key",
              },
              "kind": 1,
              "parent": [Circular],
              "startPosition": 270,
              "value": Object {
                "doubleQuoted": false,
                "endPosition": 280,
                "errors": Array [],
                "kind": 0,
                "parent": [Circular],
                "plainScalar": true,
                "rawValue": "value",
                "startPosition": 275,
                "value": "value",
              },
            },
            Object {
              "endPosition": 355,
              "errors": Array [],
              "key": Object {
                "doubleQuoted": false,
                "endPosition": 290,
                "errors": Array [],
                "kind": 0,
                "parent": [Circular],
                "plainScalar": true,
                "rawValue": "array",
                "startPosition": 285,
                "value": "array",
              },
              "kind": 1,
              "parent": [Circular],
              "startPosition": 285,
              "value": Object {
                "endPosition": 355,
                "errors": Array [],
                "items": Array [
                  Object {
                    "endPosition": 311,
                    "errors": Array [],
                    "kind": 2,
                    "mappings": Array [
                      Object {
                        "endPosition": 311,
                        "errors": Array [],
                        "key": Object {
                          "doubleQuoted": false,
                          "endPosition": 310,
                          "errors": Array [],
                          "kind": 0,
                          "parent": [Circular],
                          "plainScalar": true,
                          "rawValue": "null_value",
                          "startPosition": 300,
                          "value": "null_value",
                        },
                        "kind": 1,
                        "parent": [Circular],
                        "startPosition": 300,
                        "value": null,
                      },
                    ],
                    "parent": [Circular],
                    "startPosition": 300,
                  },
                  Object {
                    "endPosition": 333,
                    "errors": Array [],
                    "kind": 2,
                    "mappings": Array [
                      Object {
                        "endPosition": 333,
                        "errors": Array [],
                        "key": Object {
                          "doubleQuoted": false,
                          "endPosition": 327,
                          "errors": Array [],
                          "kind": 0,
                          "parent": [Circular],
                          "plainScalar": true,
                          "rawValue": "boolean",
                          "startPosition": 320,
                          "value": "boolean",
                        },
                        "kind": 1,
                        "parent": [Circular],
                        "startPosition": 320,
                        "value": Object {
                          "doubleQuoted": false,
                          "endPosition": 333,
                          "errors": Array [],
                          "kind": 0,
                          "parent": [Circular],
                          "plainScalar": true,
                          "rawValue": "true",
                          "startPosition": 329,
                          "value": "true",
                          "valueObject": true,
                        },
                      },
                    ],
                    "parent": [Circular],
                    "startPosition": 320,
                  },
                  Object {
                    "endPosition": 352,
                    "errors": Array [],
                    "kind": 2,
                    "mappings": Array [
                      Object {
                        "endPosition": 352,
                        "errors": Array [],
                        "key": Object {
                          "doubleQuoted": false,
                          "endPosition": 349,
                          "errors": Array [],
                          "kind": 0,
                          "parent": [Circular],
                          "plainScalar": true,
                          "rawValue": "integer",
                          "startPosition": 342,
                          "value": "integer",
                        },
                        "kind": 1,
                        "parent": [Circular],
                        "startPosition": 342,
                        "value": Object {
                          "doubleQuoted": false,
                          "endPosition": 352,
                          "errors": Array [],
                          "kind": 0,
                          "parent": [Circular],
                          "plainScalar": true,
                          "rawValue": "1",
                          "startPosition": 351,
                          "value": "1",
                          "valueObject": 1,
                        },
                      },
                    ],
                    "parent": [Circular],
                    "startPosition": 342,
                  },
                ],
                "kind": 3,
                "parent": [Circular],
                "startPosition": 298,
              },
            },
          ],
          "parent": [Circular],
          "startPosition": 270,
        },
      },
      Object {
        "endPosition": 416,
        "errors": Array [],
        "key": Object {
          "doubleQuoted": false,
          "endPosition": 364,
          "errors": Array [],
          "kind": 0,
          "parent": [Circular],
          "plainScalar": true,
          "rawValue": "paragraph",
          "startPosition": 355,
          "value": "paragraph",
        },
        "kind": 1,
        "parent": [Circular],
        "startPosition": 355,
        "value": Object {
          "doubleQuoted": false,
          "endPosition": 416,
          "errors": Array [],
          "kind": 0,
          "parent": [Circular],
          "rawValue": ">
      Blank lines denote

      paragraph breaks",
          "startPosition": 366,
          "value": "Blank lines denote
paragraph breaks
",
        },
      },
      Object {
        "endPosition": 503,
        "errors": Array [],
        "key": Object {
          "doubleQuoted": false,
          "endPosition": 426,
          "errors": Array [],
          "kind": 0,
          "parent": [Circular],
          "plainScalar": true,
          "rawValue": "content",
          "startPosition": 419,
          "value": "content",
        },
        "kind": 1,
        "parent": [Circular],
        "startPosition": 419,
        "value": Object {
          "doubleQuoted": false,
          "endPosition": 503,
          "errors": Array [],
          "kind": 0,
          "parent": [Circular],
          "rawValue": "|-
      Or we
      can auto
      convert line breaks
      to save space",
          "startPosition": 428,
          "value": "Or we
can auto
convert line breaks
to save space",
        },
      },
    ],
    "parent": null,
    "startPosition": 151,
  },
  "data": Object {
    "content": "Or we
can auto
convert line breaks
to save space",
    "json": Array [
      "rigid",
      "better for data interchange",
    ],
    "object": Object {
      "array": Array [
        Object {
          "null_value": null,
        },
        Object {
          "boolean": true,
        },
        Object {
          "integer": 1,
        },
      ],
      "key": "value",
    },
    "paragraph": "Blank lines denote
paragraph breaks
",
    "yaml": Array [
      "slim and flexible",
      123,
      true,
    ],
  },
  "diagnostics": Array [],
  "lineMap": Array [
    4,
    49,
    94,
    129,
    148,
    149,
    157,
    169,
    203,
    211,
    235,
    245,
    256,
    266,
    281,
    292,
    312,
    334,
    353,
    368,
    393,
    394,
    417,
    431,
    443,
    458,
    484,
    504,
  ],
}
`;
